// Jest Snapshot v1, https://goo.gl/fbAQLP

exports[`<AnimatedBackgroundColorView /> should render correctly 1`] = `
<View
  collapsable={false}
  style={
    Object {
      "backgroundColor": "rgba(0, 172, 237, 1)",
    }
  }
/>
`;
